// Jest Snapshot v1, https://goo.gl/fbAQLP

exports[`<Main /> should render the heading 1`] = `
<main>
  <h2>
    Advanced React
  </h2>
</main>
`;
